// Jest Snapshot v1, https://goo.gl/fbAQLP

exports[`ProductsContainer component should render product container 1`] = `
<DocumentFragment>
  <section
    class="sc-bdnxRM gyxSxt"
  />
</DocumentFragment>
`;
