// Jest Snapshot v1, https://goo.gl/fbAQLP

exports[`RatingStars component should render rating stars 1`] = `
<DocumentFragment>
  <span
    class="sc-bdnxRM bFTQSW"
  >
    ★★★★★
  </span>
</DocumentFragment>
`;
